// Jest Snapshot v1, https://goo.gl/fbAQLP

exports[`initPlugins throws user-friendly error message for plugins with bad values 1`] = `
" => Bad Docusaurus plugin value as path [plugins,0].
Example valid plugin config:
{
  plugins: [
    [\\"@docusaurus/plugin-content-docs\\",options],
    \\"./myPlugin\\",
    [\\"./myPlugin\\",{someOption: 42}],
    function myPlugin() { },
    [function myPlugin() { },options]
  ],
};

 => Bad Docusaurus plugin value as path [plugins,1].
Example valid plugin config:
{
  plugins: [
    [\\"@docusaurus/plugin-content-docs\\",options],
    \\"./myPlugin\\",
    [\\"./myPlugin\\",{someOption: 42}],
    function myPlugin() { },
    [function myPlugin() { },options]
  ],
};

"
`;

exports[`sortConfig sorts route config correctly 1`] = `
[
  {
    "component": "",
    "path": "/community",
  },
  {
    "component": "",
    "path": "/some-page",
  },
  {
    "component": "",
    "path": "/docs",
    "routes": [
      {
        "component": "",
        "path": "/docs/someDoc",
      },
      {
        "component": "",
        "path": "/docs/someOtherDoc",
      },
    ],
  },
  {
    "component": "",
    "path": "/",
  },
  {
    "component": "",
    "path": "/",
    "routes": [
      {
        "component": "",
        "path": "/someDoc",
      },
      {
        "component": "",
        "path": "/someOtherDoc",
      },
    ],
  },
  {
    "component": "",
    "path": "/",
    "routes": [
      {
        "component": "",
        "path": "/subroute",
      },
    ],
  },
]
`;

exports[`sortConfig sorts route config given a baseURL 1`] = `
[
  {
    "component": "",
    "path": "/latest/community",
  },
  {
    "component": "",
    "path": "/latest/example",
  },
  {
    "component": "",
    "path": "/latest/some-page",
  },
  {
    "component": "",
    "path": "/latest/docs",
    "routes": [
      {
        "component": "",
        "path": "/latest/docs/someDoc",
      },
      {
        "component": "",
        "path": "/latest/docs/someOtherDoc",
      },
    ],
  },
  {
    "component": "",
    "path": "/latest",
    "routes": [
      {
        "component": "",
        "path": "/latest/someDoc",
      },
      {
        "component": "",
        "path": "/latest/someOtherDoc",
      },
    ],
  },
]
`;
