// Jest Snapshot v1, https://goo.gl/fbAQLP

exports[`linkify reports broken markdown links 1`] = `
"---
title: This post links to another one!
---

[Good link 1](/blog/2018/12/14/Happy-First-Birthday-Slash)

[Good link 2](/blog/2018/12/14/Happy-First-Birthday-Slash)

[Bad link 1](postNotExist1.md)

[Bad link 1](./postNotExist2.mdx)
"
`;

exports[`linkify transforms to correct link 1`] = `
"---
title: This post links to another one!
---

[Linked post](/blog/2018/12/14/Happy-First-Birthday-Slash)"
`;
